🧪 Iniciando pruebas de autenticación...

📝 Prueba 1: Registrar usuario
Status: 201
Respuesta: {
  "_id": 4,
  "name": "Usuario Prueba",
  "email": "prueba@test.com",
  "role": "student",
  "token": "eyJhbGciOiJIUzI1NiIsInR5cCI6IkpXVCJ9.eyJpZCI6NCwicm9sZSI6InN0dWRlbnQiLCJpYXQiOjE3NzMyMDM0NzEsImV4cCI6MTc3MzIwNDM3MX0._OU0zp95yMz2H3l3YEk830qSLtucjyLKhyIYBUfibRE"
}

🔐 Prueba 2: Iniciar sesión
Status: 200
Respuesta: {
  "_id": 4,
  "name": "Usuario Prueba",
  "email": "prueba@test.com",
  "role": "student",
  "hasPaid": false,
  "assignedParkingLotId": null,
  "currentParkingSpace": null,
  "accessToken": "eyJhbGciOiJIUzI1NiIsInR5cCI6IkpXVCJ9.eyJpZCI6NCwicm9sZSI6InN0dWRlbnQiLCJpYXQiOjE3NzMyMDM0NzEsImV4cCI6MTc3MzIwNDM3MX0._OU0zp95yMz2H3l3YEk830qSLtucjyLKhyIYBUfibRE",
  "refreshToken": "88844dbe33a801275ae5ca6ec71d83d0106ff2580529039e7b90a3b67ee284f4cd19e33ea0105361"
}
